src/app/[locale]/dashboard/streamer/__tests__/DashboardPreferences.test.tsx(1,18): error TS2305: Module '"@testing-library/react"' has no exported member 'screen'.
src/app/[locale]/dashboard/streamer/__tests__/DashboardPreferences.test.tsx(1,26): error TS2305: Module '"@testing-library/react"' has no exported member 'waitFor'.
src/app/[locale]/dashboard/viewer/__tests__/page.test.tsx(2,18): error TS2305: Module '"@testing-library/react"' has no exported member 'screen'.
src/app/[locale]/dashboard/viewer/__tests__/page.test.tsx(2,26): error TS2305: Module '"@testing-library/react"' has no exported member 'waitFor'.
src/app/[locale]/dashboard/viewer/page.tsx(114,21): error TS2345: Argument of type '(prev: FollowedChannel[]) => (FollowedChannel | { isLive: false; currentViewerCount: number; currentStreamStartedAt: null; id: string; channelName: string; ... 11 more ...; currentGameName?: string | undefined; })[]' is not assignable to parameter of type 'SetStateAction<FollowedChannel[]>'.
  Type '(prev: FollowedChannel[]) => (FollowedChannel | { isLive: false; currentViewerCount: number; currentStreamStartedAt: null; id: string; channelName: string; ... 11 more ...; currentGameName?: string | undefined; })[]' is not assignable to type '(prevState: FollowedChannel[]) => FollowedChannel[]'.
    Type '(FollowedChannel | { isLive: false; currentViewerCount: number; currentStreamStartedAt: null; id: string; channelName: string; displayName: string; avatarUrl: string; ... 9 more ...; currentGameName?: string | undefined; })[]' is not assignable to type 'FollowedChannel[]'.
      Type 'FollowedChannel | { isLive: false; currentViewerCount: number; currentStreamStartedAt: null; id: string; channelName: string; displayName: string; avatarUrl: string; ... 9 more ...; currentGameName?: string | undefined; }' is not assignable to type 'FollowedChannel'.
        Type '{ isLive: false; currentViewerCount: number; currentStreamStartedAt: null; id: string; channelName: string; displayName: string; avatarUrl: string; category: string; viewerCount: number | null; ... 7 more ...; currentGameName?: string; }' is not assignable to type 'FollowedChannel'.
          Types of property 'currentStreamStartedAt' are incompatible.
            Type 'null' is not assignable to type 'string | undefined'.
src/app/[locale]/dashboard/viewer/settings/__tests__/ViewerSettingsPage.test.tsx(1,18): error TS2305: Module '"@testing-library/react"' has no exported member 'screen'.
src/app/[locale]/dashboard/viewer/settings/__tests__/ViewerSettingsPage.test.tsx(1,26): error TS2305: Module '"@testing-library/react"' has no exported member 'fireEvent'.
src/app/[locale]/dashboard/viewer/settings/__tests__/ViewerSettingsPage.test.tsx(1,37): error TS2305: Module '"@testing-library/react"' has no exported member 'waitFor'.
src/app/__tests__/LandingPage.test.tsx(5,18): error TS2305: Module '"@testing-library/react"' has no exported member 'screen'.
src/app/__tests__/LandingPage.test.tsx(5,26): error TS2305: Module '"@testing-library/react"' has no exported member 'waitFor'.
src/app/__tests__/LandingPage.test.tsx(49,15): error TS2786: 'LandingPage' cannot be used as a JSX component.
  Its type '() => void' is not a valid JSX element type.
    Type '() => void' is not assignable to type '(props: any, deprecatedLegacyContext?: any) => ReactNode'.
      Type 'void' is not assignable to type 'ReactNode'.
src/app/__tests__/LandingPage.test.tsx(57,15): error TS2786: 'LandingPage' cannot be used as a JSX component.
  Its type '() => void' is not a valid JSX element type.
    Type '() => void' is not assignable to type '(props: any, deprecatedLegacyContext?: any) => ReactNode'.
      Type 'void' is not assignable to type 'ReactNode'.
src/app/__tests__/LandingPage.test.tsx(80,15): error TS2786: 'LandingPage' cannot be used as a JSX component.
  Its type '() => void' is not a valid JSX element type.
    Type '() => void' is not assignable to type '(props: any, deprecatedLegacyContext?: any) => ReactNode'.
      Type 'void' is not assignable to type 'ReactNode'.
src/app/__tests__/LandingPage.test.tsx(104,15): error TS2786: 'LandingPage' cannot be used as a JSX component.
  Its type '() => void' is not a valid JSX element type.
    Type '() => void' is not assignable to type '(props: any, deprecatedLegacyContext?: any) => ReactNode'.
      Type 'void' is not assignable to type 'ReactNode'.
src/app/__tests__/LandingPage.test.tsx(134,15): error TS2786: 'LandingPage' cannot be used as a JSX component.
  Its type '() => void' is not a valid JSX element type.
    Type '() => void' is not assignable to type '(props: any, deprecatedLegacyContext?: any) => ReactNode'.
      Type 'void' is not assignable to type 'ReactNode'.
src/features/auth/__tests__/AuthContext.test.tsx(2,18): error TS2305: Module '"@testing-library/react"' has no exported member 'screen'.
src/features/auth/__tests__/AuthContext.test.tsx(2,26): error TS2305: Module '"@testing-library/react"' has no exported member 'waitFor'.
src/features/privacy/__tests__/ConsentBanner.test.tsx(1,18): error TS2305: Module '"@testing-library/react"' has no exported member 'screen'.
src/features/privacy/__tests__/ConsentBanner.test.tsx(1,26): error TS2305: Module '"@testing-library/react"' has no exported member 'fireEvent'.
src/features/privacy/__tests__/ConsentBanner.test.tsx(1,37): error TS2305: Module '"@testing-library/react"' has no exported member 'waitFor'.
src/features/streamer-dashboard/__tests__/HeatmapChart.test.tsx(1,18): error TS2305: Module '"@testing-library/react"' has no exported member 'screen'.
src/features/streamer-dashboard/__tests__/StreamSummaryCards.test.tsx(1,18): error TS2305: Module '"@testing-library/react"' has no exported member 'screen'.
src/features/streamer-dashboard/__tests__/StreamSummaryCards.test.tsx(1,26): error TS2305: Module '"@testing-library/react"' has no exported member 'waitFor'.
src/features/streamer-dashboard/__tests__/TimeSeriesChart.test.tsx(1,18): error TS2305: Module '"@testing-library/react"' has no exported member 'waitFor'.
src/features/streamer-dashboard/charts/__tests__/ChartStates.test.tsx(1,18): error TS2305: Module '"@testing-library/react"' has no exported member 'screen'.
src/features/streamer-dashboard/components/__tests__/DisplayPreferences.test.tsx(1,18): error TS2305: Module '"@testing-library/react"' has no exported member 'screen'.
src/features/streamer-dashboard/hooks/__tests__/useChartData.test.tsx(1,22): error TS2305: Module '"@testing-library/react"' has no exported member 'waitFor'.
src/features/streamer-dashboard/hooks/__tests__/useUiPreferences.test.ts(1,27): error TS2305: Module '"@testing-library/react"' has no exported member 'waitFor'.
src/features/viewer-dashboard/components/__tests__/FootprintDashboard.test.tsx(2,18): error TS2305: Module '"@testing-library/react"' has no exported member 'screen'.
src/features/viewer-dashboard/components/__tests__/FootprintDashboard.test.tsx(2,26): error TS2305: Module '"@testing-library/react"' has no exported member 'fireEvent'.
src/features/viewer-dashboard/components/__tests__/FootprintDashboard.test.tsx(2,37): error TS2305: Module '"@testing-library/react"' has no exported member 'waitFor'.
src/features/viewer-dashboard/components/__tests__/TimeRangeSelector.test.tsx(2,18): error TS2305: Module '"@testing-library/react"' has no exported member 'screen'.
src/features/viewer-dashboard/components/__tests__/TimeRangeSelector.test.tsx(2,26): error TS2305: Module '"@testing-library/react"' has no exported member 'fireEvent'.
src/features/viewer-dashboard/components/__tests__/TimeRangeSelector.test.tsx(37,8): error TS2741: Property 'onCustomRangeChange' is missing in type '{ currentRange: "30"; onRangeChange: Mock<any, any, any>; }' but required in type 'TimeRangeSelectorProps'.
src/features/viewer-dashboard/components/__tests__/TimeRangeSelector.test.tsx(52,8): error TS2741: Property 'onCustomRangeChange' is missing in type '{ currentRange: "30"; onRangeChange: Mock<any, any, any>; }' but required in type 'TimeRangeSelectorProps'.
src/features/viewer-dashboard/components/__tests__/TimeRangeSelector.test.tsx(65,8): error TS2741: Property 'onCustomRangeChange' is missing in type '{ currentRange: "30"; onRangeChange: Mock<any, any, any>; }' but required in type 'TimeRangeSelectorProps'.
src/features/viewer-dashboard/components/__tests__/TimeRangeSelector.test.tsx(83,8): error TS2741: Property 'onCustomRangeChange' is missing in type '{ currentRange: "30"; onRangeChange: Mock<any, any, any>; disabled: true; }' but required in type 'TimeRangeSelectorProps'.
src/features/viewer-dashboard/components/__tests__/TimeRangeSelector.test.tsx(100,8): error TS2741: Property 'onCustomRangeChange' is missing in type '{ currentRange: "30"; onRangeChange: Mock<any, any, any>; disabled: true; }' but required in type 'TimeRangeSelectorProps'.
src/features/viewer-dashboard/components/__tests__/TimeRangeSelector.test.tsx(125,8): error TS2741: Property 'onCustomRangeChange' is missing in type '{ currentRange: "30"; onRangeChange: Mock<any, any, any>; }' but required in type 'TimeRangeSelectorProps'.
